Testing transcription for D:\www\clipper-electron\downloads\57b8ed83-5c73-4ee6-8524-52d29c1e2bd1.mp4
Importing modules...
Initializing pipeline...
Model loading progress: {
  status: 'initiate',
  name: 'Xenova/whisper-tiny.en',
  file: 'tokenizer.json'
}
Model loading progress: {
  status: 'initiate',
  name: 'Xenova/whisper-tiny.en',
  file: 'tokenizer_config.json'
}
Model loading progress: {
  status: 'initiate',
  name: 'Xenova/whisper-tiny.en',
  file: 'config.json'
}
Model loading progress: {
  status: 'initiate',
  name: 'Xenova/whisper-tiny.en',
  file: 'preprocessor_config.json'
}
Model loading progress: {
  status: 'download',
  name: 'Xenova/whisper-tiny.en',
  file: 'tokenizer.json'
}
Model loading progress: {
  status: 'download',
  name: 'Xenova/whisper-tiny.en',
  file: 'tokenizer_config.json'
}
Model loading progress: {
  status: 'download',
  name: 'Xenova/whisper-tiny.en',
  file: 'config.json'
}
Model loading progress: {
  status: 'download',
  name: 'Xenova/whisper-tiny.en',
  file: 'preprocessor_config.json'
}
Model loading progress: {
  status: 'progress',
  name: 'Xenova/whisper-tiny.en',
  file: 'tokenizer_config.json',
  progress: 100,
  loaded: 835,
  total: 835
}
Model loading progress: {
  status: 'done',
  name: 'Xenova/whisper-tiny.en',
  file: 'tokenizer_config.json'
}
Model loading progress: {
  status: 'progress',
  name: 'Xenova/whisper-tiny.en',
  file: 'preprocessor_config.json',
  progress: 100,
  loaded: 339,
  total: 339
}
Model loading progress: {
  status: 'done',
  name: 'Xenova/whisper-tiny.en',
  file: 'preprocessor_config.json'
}
Model loading progress: {
  status: 'progress',
  name: 'Xenova/whisper-tiny.en',
  file: 'config.json',
  progress: 100,
  loaded: 2202,
  total: 2202
}
Model loading progress: { status: 'done', name: 'Xenova/whisper-tiny.en', file: 'config.json' }
Model loading progress: {
  status: 'initiate',
  name: 'Xenova/whisper-tiny.en',
  file: 'onnx/encoder_model_quantized.onnx'
}
Model loading progress: {
  status: 'initiate',
  name: 'Xenova/whisper-tiny.en',
  file: 'onnx/decoder_model_merged_quantized.onnx'
}
Model loading progress: {
  status: 'initiate',
  name: 'Xenova/whisper-tiny.en',
  file: 'generation_config.json'
}
Model loading progress: {
  status: 'download',
  name: 'Xenova/whisper-tiny.en',
  file: 'onnx/encoder_model_quantized.onnx'
}
Model loading progress: {
  status: 'download',
  name: 'Xenova/whisper-tiny.en',
  file: 'onnx/decoder_model_merged_quantized.onnx'
}
Model loading progress: {
  status: 'download',
  name: 'Xenova/whisper-tiny.en',
  file: 'generation_config.json'
}
Model loading progress: {
  status: 'progress',
  name: 'Xenova/whisper-tiny.en',
  file: 'generation_config.json',
  progress: 100,
  loaded: 1590,
  total: 1590
}
Model loading progress: {
  status: 'done',
  name: 'Xenova/whisper-tiny.en',
  file: 'generation_config.json'
}
Model loading progress: {
  status: 'progress',
  name: 'Xenova/whisper-tiny.en',
  file: 'tokenizer.json',
  progress: 100,
  loaded: 2128494,
  total: 2128494
}
Model loading progress: {
  status: 'done',
  name: 'Xenova/whisper-tiny.en',
  file: 'tokenizer.json'
}
Model loading progress: {
  status: 'progress',
  name: 'Xenova/whisper-tiny.en',
  file: 'onnx/encoder_model_quantized.onnx',
  progress: 100,
  loaded: 10124913,
  total: 10124913
}
Model loading progress: {
  status: 'done',
  name: 'Xenova/whisper-tiny.en',
  file: 'onnx/encoder_model_quantized.onnx'
}
Model loading progress: {
  status: 'progress',
  name: 'Xenova/whisper-tiny.en',
  file: 'onnx/decoder_model_merged_quantized.onnx',
  progress: 100,
  loaded: 30727382,
  total: 30727382
}
Model loading progress: {
  status: 'done',
  name: 'Xenova/whisper-tiny.en',
  file: 'onnx/decoder_model_merged_quantized.onnx'
}
node : 2026-01-30 18:52:15.7665795 [W:onnxruntime:, graph.cc:3490 
onnxruntime::Graph::CleanUnusedInitializersAndNodeArgs] Removing initializer 
'/model/decoder/Constant_16_output_0'. It is not used by any node and should be removed from the model.
At line:1 char:1
+ node test-transcribe-real.js > test_output.txt 2>&1
+ ~~~~~~~~~~~~~~~~~~~~~~~~~~~~~~~~~~~~~~~~~~~~~~~~~~~
    + CategoryInfo          : NotSpecified: (2026-01-30 18:5...from the model.:String) [], RemoteException
    + FullyQualifiedErrorId : NativeCommandError
 
2026-01-30 18:52:15.7672134 [W:onnxruntime:, graph.cc:3490 
onnxruntime::Graph::CleanUnusedInitializersAndNodeArgs] Removing initializer '/model/decoder/Shape_4_output_0'. 
It is not used by any node and should be removed from the model.
2026-01-30 18:52:15.8195449 [W:onnxruntime:, graph.cc:3490 
onnxruntime::Graph::CleanUnusedInitializersAndNodeArgs] Removing initializer 
'/model/decoder/Constant_2_output_0'. It is not used by any node and should be removed from the model.
2026-01-30 18:52:15.8199312 [W:onnxruntime:, graph.cc:3490 
onnxruntime::Graph::CleanUnusedInitializersAndNodeArgs] Removing initializer 
'/model/decoder/Constant_12_output_0'. It is not used by any node and should be removed from the model.
2026-01-30 18:52:15.8202710 [W:onnxruntime:, graph.cc:3490 
onnxruntime::Graph::CleanUnusedInitializersAndNodeArgs] Removing initializer 
'/model/decoder/Constant_9_output_0'. It is not used by any node and should be removed from the model.
2026-01-30 18:52:15.8206050 [W:onnxruntime:, graph.cc:3490 
onnxruntime::Graph::CleanUnusedInitializersAndNodeArgs] Removing initializer 
'/model/decoder/Constant_10_output_0'. It is not used by any node and should be removed from the model.
2026-01-30 18:52:15.8209478 [W:onnxruntime:, graph.cc:3490 
onnxruntime::Graph::CleanUnusedInitializersAndNodeArgs] Removing initializer 
'/model/decoder/Constant_11_output_0'. It is not used by any node and should be removed from the model.
2026-01-30 18:52:15.8217225 [W:onnxruntime:, graph.cc:3490 
onnxruntime::Graph::CleanUnusedInitializersAndNodeArgs] Removing initializer 
'/model/decoder/Constant_1_output_0'. It is not used by any node and should be removed from the model.
2026-01-30 18:52:15.8220541 [W:onnxruntime:, graph.cc:3490 
onnxruntime::Graph::CleanUnusedInitializersAndNodeArgs] Removing initializer '/model/decoder/Constant_output_0'. 
It is not used by any node and should be removed from the model.
2026-01-30 18:52:15.9663604 [W:onnxruntime:, graph.cc:3490 
onnxruntime::Graph::CleanUnusedInitializersAndNodeArgs] Removing initializer 
'/model/decoder/layers.0/activation_fn/Constant_output_0'. It is not used by any node and should be removed from 
the model.
2026-01-30 18:52:15.9667537 [W:onnxruntime:, graph.cc:3490 
onnxruntime::Graph::CleanUnusedInitializersAndNodeArgs] Removing initializer 
'/model/decoder/layers.0/activation_fn/Constant_1_output_0'. It is not used by any node and should be removed 
from the model.
2026-01-30 18:52:15.9671743 [W:onnxruntime:, graph.cc:3490 
onnxruntime::Graph::CleanUnusedInitializersAndNodeArgs] Removing initializer 
'/model/decoder/layers.0/activation_fn/Constant_2_output_0'. It is not used by any node and should be removed 
from the model.
2026-01-30 18:52:15.9675517 [W:onnxruntime:, graph.cc:3490 
onnxruntime::Graph::CleanUnusedInitializersAndNodeArgs] Removing initializer 
'/model/decoder/layers.2/activation_fn/Constant_output_0'. It is not used by any node and should be removed from 
the model.
2026-01-30 18:52:15.9679172 [W:onnxruntime:, graph.cc:3490 
onnxruntime::Graph::CleanUnusedInitializersAndNodeArgs] Removing initializer 
'/model/decoder/layers.1/activation_fn/Constant_output_0'. It is not used by any node and should be removed from 
the model.
2026-01-30 18:52:15.9682747 [W:onnxruntime:, graph.cc:3490 
onnxruntime::Graph::CleanUnusedInitializersAndNodeArgs] Removing initializer 
'/model/decoder/layers.1/activation_fn/Constant_1_output_0'. It is not used by any node and should be removed 
from the model.
2026-01-30 18:52:15.9686183 [W:onnxruntime:, graph.cc:3490 
onnxruntime::Graph::CleanUnusedInitializersAndNodeArgs] Removing initializer 
'/model/decoder/layers.1/activation_fn/Constant_2_output_0'. It is not used by any node and should be removed 
from the model.
2026-01-30 18:52:15.9689709 [W:onnxruntime:, graph.cc:3490 
onnxruntime::Graph::CleanUnusedInitializersAndNodeArgs] Removing initializer 
'/model/decoder/layers.3/activation_fn/Constant_1_output_0'. It is not used by any node and should be removed 
from the model.
2026-01-30 18:52:15.9693614 [W:onnxruntime:, graph.cc:3490 
onnxruntime::Graph::CleanUnusedInitializersAndNodeArgs] Removing initializer 
'/model/decoder/layers.2/activation_fn/Constant_1_output_0'. It is not used by any node and should be removed 
from the model.
2026-01-30 18:52:15.9697417 [W:onnxruntime:, graph.cc:3490 
onnxruntime::Graph::CleanUnusedInitializersAndNodeArgs] Removing initializer 
'/model/decoder/layers.2/activation_fn/Constant_2_output_0'. It is not used by any node and should be removed 
from the model.
2026-01-30 18:52:15.9701308 [W:onnxruntime:, graph.cc:3490 
onnxruntime::Graph::CleanUnusedInitializersAndNodeArgs] Removing initializer 
'/model/decoder/layers.3/activation_fn/Constant_output_0'. It is not used by any node and should be removed from 
the model.
2026-01-30 18:52:15.9705034 [W:onnxruntime:, graph.cc:3490 
onnxruntime::Graph::CleanUnusedInitializersAndNodeArgs] Removing initializer 
'/model/decoder/layers.3/activation_fn/Constant_2_output_0'. It is not used by any node and should be removed 
from the model.
2026-01-30 18:52:15.9712175 [W:onnxruntime:, graph.cc:3490 
onnxruntime::Graph::CleanUnusedInitializersAndNodeArgs] Removing initializer 
'/model/decoder/layers.0/activation_fn/Constant_output_0'. It is not used by any node and should be removed from 
the model.
2026-01-30 18:52:15.9716134 [W:onnxruntime:, graph.cc:3490 
onnxruntime::Graph::CleanUnusedInitializersAndNodeArgs] Removing initializer 
'/model/decoder/layers.2/activation_fn/Constant_output_0'. It is not used by any node and should be removed from 
the model.
2026-01-30 18:52:15.9720001 [W:onnxruntime:, graph.cc:3490 
onnxruntime::Graph::CleanUnusedInitializersAndNodeArgs] Removing initializer 
'/model/decoder/layers.0/activation_fn/Constant_1_output_0'. It is not used by any node and should be removed 
from the model.
2026-01-30 18:52:15.9723536 [W:onnxruntime:, graph.cc:3490 
onnxruntime::Graph::CleanUnusedInitializersAndNodeArgs] Removing initializer 
'/model/decoder/layers.0/activation_fn/Constant_2_output_0'. It is not used by any node and should be removed 
from the model.
2026-01-30 18:52:15.9727172 [W:onnxruntime:, graph.cc:3490 
onnxruntime::Graph::CleanUnusedInitializersAndNodeArgs] Removing initializer 
'/model/decoder/layers.1/activation_fn/Constant_output_0'. It is not used by any node and should be removed from 
the model.
2026-01-30 18:52:15.9736309 [W:onnxruntime:, graph.cc:3490 
onnxruntime::Graph::CleanUnusedInitializersAndNodeArgs] Removing initializer 
'/model/decoder/layers.1/activation_fn/Constant_1_output_0'. It is not used by any node and should be removed 
from the model.
2026-01-30 18:52:15.9743088 [W:onnxruntime:, graph.cc:3490 
onnxruntime::Graph::CleanUnusedInitializersAndNodeArgs] Removing initializer 
'/model/decoder/layers.1/activation_fn/Constant_2_output_0'. It is not used by any node and should be removed 
from the model.
2026-01-30 18:52:15.9750414 [W:onnxruntime:, graph.cc:3490 
onnxruntime::Graph::CleanUnusedInitializersAndNodeArgs] Removing initializer 
'/model/decoder/layers.3/activation_fn/Constant_1_output_0'. It is not used by any node and should be removed 
from the model.
2026-01-30 18:52:15.9755596 [W:onnxruntime:, graph.cc:3490 
onnxruntime::Graph::CleanUnusedInitializersAndNodeArgs] Removing initializer 
'/model/decoder/layers.2/activation_fn/Constant_1_output_0'. It is not used by any node and should be removed 
from the model.
2026-01-30 18:52:15.9759372 [W:onnxruntime:, graph.cc:3490 
onnxruntime::Graph::CleanUnusedInitializersAndNodeArgs] Removing initializer 
'/model/decoder/layers.2/activation_fn/Constant_2_output_0'. It is not used by any node and should be removed 
from the model.
2026-01-30 18:52:15.9763086 [W:onnxruntime:, graph.cc:3490 
onnxruntime::Graph::CleanUnusedInitializersAndNodeArgs] Removing initializer 
'/model/decoder/layers.3/activation_fn/Constant_output_0'. It is not used by any node and should be removed from 
the model.
2026-01-30 18:52:15.9766685 [W:onnxruntime:, graph.cc:3490 
onnxruntime::Graph::CleanUnusedInitializersAndNodeArgs] Removing initializer 
'/model/decoder/layers.3/activation_fn/Constant_2_output_0'. It is not used by any node and should be removed 
from the model.
2026-01-30 18:52:16.0165088 [W:onnxruntime:, graph.cc:3490 
onnxruntime::Graph::CleanUnusedInitializersAndNodeArgs] Removing initializer 
'/model/decoder/layers.0/encoder_attn_layer_norm/Constant_output_0'. It is not used by any node and should be 
removed from the model.
2026-01-30 18:52:16.0169251 [W:onnxruntime:, graph.cc:3490 
onnxruntime::Graph::CleanUnusedInitializersAndNodeArgs] Removing initializer 
'/model/decoder/layers.3/self_attn_layer_norm/Constant_output_0'. It is not used by any node and should be 
removed from the model.
2026-01-30 18:52:16.0172913 [W:onnxruntime:, graph.cc:3490 
onnxruntime::Graph::CleanUnusedInitializersAndNodeArgs] Removing initializer 
'/model/decoder/layers.1/encoder_attn_layer_norm/Constant_1_output_0'. It is not used by any node and should be 
removed from the model.
2026-01-30 18:52:16.0176600 [W:onnxruntime:, graph.cc:3490 
onnxruntime::Graph::CleanUnusedInitializersAndNodeArgs] Removing initializer 
'/model/decoder/layers.0/final_layer_norm/Constant_output_0'. It is not used by any node and should be removed 
from the model.
2026-01-30 18:52:16.0180344 [W:onnxruntime:, graph.cc:3490 
onnxruntime::Graph::CleanUnusedInitializersAndNodeArgs] Removing initializer 
'/model/decoder/layers.0/self_attn_layer_norm/Constant_1_output_0'. It is not used by any node and should be 
removed from the model.
2026-01-30 18:52:16.0184228 [W:onnxruntime:, graph.cc:3490 
onnxruntime::Graph::CleanUnusedInitializersAndNodeArgs] Removing initializer 
'/model/decoder/layers.0/self_attn_layer_norm/Constant_output_0'. It is not used by any node and should be 
removed from the model.
2026-01-30 18:52:16.0188062 [W:onnxruntime:, graph.cc:3490 
onnxruntime::Graph::CleanUnusedInitializersAndNodeArgs] Removing initializer 
'/model/decoder/layers.0/encoder_attn_layer_norm/Constant_1_output_0'. It is not used by any node and should be 
removed from the model.
2026-01-30 18:52:16.0192024 [W:onnxruntime:, graph.cc:3490 
onnxruntime::Graph::CleanUnusedInitializersAndNodeArgs] Removing initializer 
'/model/decoder/layers.3/final_layer_norm/Constant_1_output_0'. It is not used by any node and should be removed 
from the model.
2026-01-30 18:52:16.0196140 [W:onnxruntime:, graph.cc:3490 
onnxruntime::Graph::CleanUnusedInitializersAndNodeArgs] Removing initializer 
'/model/decoder/layers.0/final_layer_norm/Constant_1_output_0'. It is not used by any node and should be removed 
from the model.
2026-01-30 18:52:16.0200010 [W:onnxruntime:, graph.cc:3490 
onnxruntime::Graph::CleanUnusedInitializersAndNodeArgs] Removing initializer 
'/model/decoder/layers.1/self_attn_layer_norm/Constant_output_0'. It is not used by any node and should be 
removed from the model.
2026-01-30 18:52:16.0203689 [W:onnxruntime:, graph.cc:3490 
onnxruntime::Graph::CleanUnusedInitializersAndNodeArgs] Removing initializer 
'/model/decoder/layers.1/self_attn_layer_norm/Constant_1_output_0'. It is not used by any node and should be 
removed from the model.
2026-01-30 18:52:16.0208192 [W:onnxruntime:, graph.cc:3490 
onnxruntime::Graph::CleanUnusedInitializersAndNodeArgs] Removing initializer 
'/model/decoder/layer_norm/Constant_output_0'. It is not used by any node and should be removed from the model.
2026-01-30 18:52:16.0212057 [W:onnxruntime:, graph.cc:3490 
onnxruntime::Graph::CleanUnusedInitializersAndNodeArgs] Removing initializer 
'/model/decoder/layer_norm/Constant_1_output_0'. It is not used by any node and should be removed from the model.
2026-01-30 18:52:16.0215625 [W:onnxruntime:, graph.cc:3490 
onnxruntime::Graph::CleanUnusedInitializersAndNodeArgs] Removing initializer 
'/model/decoder/layers.2/self_attn_layer_norm/Constant_1_output_0'. It is not used by any node and should be 
removed from the model.
2026-01-30 18:52:16.0219266 [W:onnxruntime:, graph.cc:3490 
onnxruntime::Graph::CleanUnusedInitializersAndNodeArgs] Removing initializer 
'/model/decoder/layers.1/encoder_attn_layer_norm/Constant_output_0'. It is not used by any node and should be 
removed from the model.
2026-01-30 18:52:16.0222976 [W:onnxruntime:, graph.cc:3490 
onnxruntime::Graph::CleanUnusedInitializersAndNodeArgs] Removing initializer 
'/model/decoder/layers.1/final_layer_norm/Constant_output_0'. It is not used by any node and should be removed 
from the model.
2026-01-30 18:52:16.0226584 [W:onnxruntime:, graph.cc:3490 
onnxruntime::Graph::CleanUnusedInitializersAndNodeArgs] Removing initializer 
'/model/decoder/layers.1/final_layer_norm/Constant_1_output_0'. It is not used by any node and should be removed 
from the model.
2026-01-30 18:52:16.0230972 [W:onnxruntime:, graph.cc:3490 
onnxruntime::Graph::CleanUnusedInitializersAndNodeArgs] Removing initializer 
'/model/decoder/layers.2/self_attn_layer_norm/Constant_output_0'. It is not used by any node and should be 
removed from the model.
2026-01-30 18:52:16.0234716 [W:onnxruntime:, graph.cc:3490 
onnxruntime::Graph::CleanUnusedInitializersAndNodeArgs] Removing initializer 
'/model/decoder/layers.2/encoder_attn_layer_norm/Constant_output_0'. It is not used by any node and should be 
removed from the model.
2026-01-30 18:52:16.0238862 [W:onnxruntime:, graph.cc:3490 
onnxruntime::Graph::CleanUnusedInitializersAndNodeArgs] Removing initializer 
'/model/decoder/layers.2/encoder_attn_layer_norm/Constant_1_output_0'. It is not used by any node and should be 
removed from the model.
2026-01-30 18:52:16.0242876 [W:onnxruntime:, graph.cc:3490 
onnxruntime::Graph::CleanUnusedInitializersAndNodeArgs] Removing initializer 
'/model/decoder/layers.2/final_layer_norm/Constant_output_0'. It is not used by any node and should be removed 
from the model.
2026-01-30 18:52:16.0246396 [W:onnxruntime:, graph.cc:3490 
onnxruntime::Graph::CleanUnusedInitializersAndNodeArgs] Removing initializer 
'/model/decoder/layers.2/final_layer_norm/Constant_1_output_0'. It is not used by any node and should be removed 
from the model.
2026-01-30 18:52:16.0250074 [W:onnxruntime:, graph.cc:3490 
onnxruntime::Graph::CleanUnusedInitializersAndNodeArgs] Removing initializer 
'/model/decoder/layers.3/self_attn_layer_norm/Constant_1_output_0'. It is not used by any node and should be 
removed from the model.
2026-01-30 18:52:16.0254238 [W:onnxruntime:, graph.cc:3490 
onnxruntime::Graph::CleanUnusedInitializersAndNodeArgs] Removing initializer 
'/model/decoder/layers.3/encoder_attn_layer_norm/Constant_output_0'. It is not used by any node and should be 
removed from the model.
2026-01-30 18:52:16.0258745 [W:onnxruntime:, graph.cc:3490 
onnxruntime::Graph::CleanUnusedInitializersAndNodeArgs] Removing initializer 
'/model/decoder/layers.3/encoder_attn_layer_norm/Constant_1_output_0'. It is not used by any node and should be 
removed from the model.
2026-01-30 18:52:16.0283507 [W:onnxruntime:, graph.cc:3490 
onnxruntime::Graph::CleanUnusedInitializersAndNodeArgs] Removing initializer 
'/model/decoder/layers.3/final_layer_norm/Constant_output_0'. It is not used by any node and should be removed 
from the model.
2026-01-30 18:52:16.0305253 [W:onnxruntime:, graph.cc:3490 
onnxruntime::Graph::CleanUnusedInitializersAndNodeArgs] Removing initializer 
'/model/decoder/layers.0/final_layer_norm/Constant_1_output_0'. It is not used by any node and should be removed 
from the model.
2026-01-30 18:52:16.0309717 [W:onnxruntime:, graph.cc:3490 
onnxruntime::Graph::CleanUnusedInitializersAndNodeArgs] Removing initializer 
'/model/decoder/layers.0/self_attn_layer_norm/Constant_output_0'. It is not used by any node and should be 
removed from the model.
2026-01-30 18:52:16.0315471 [W:onnxruntime:, graph.cc:3490 
onnxruntime::Graph::CleanUnusedInitializersAndNodeArgs] Removing initializer 
'/model/decoder/layer_norm/Constant_output_0'. It is not used by any node and should be removed from the model.
2026-01-30 18:52:16.0320153 [W:onnxruntime:, graph.cc:3490 
onnxruntime::Graph::CleanUnusedInitializersAndNodeArgs] Removing initializer 
'/model/decoder/layer_norm/Constant_1_output_0'. It is not used by any node and should be removed from the model.
2026-01-30 18:52:16.0325028 [W:onnxruntime:, graph.cc:3490 
onnxruntime::Graph::CleanUnusedInitializersAndNodeArgs] Removing initializer 
'/model/decoder/layers.0/self_attn_layer_norm/Constant_1_output_0'. It is not used by any node and should be 
removed from the model.
2026-01-30 18:52:16.0329001 [W:onnxruntime:, graph.cc:3490 
onnxruntime::Graph::CleanUnusedInitializersAndNodeArgs] Removing initializer 
'/model/decoder/layers.0/final_layer_norm/Constant_output_0'. It is not used by any node and should be removed 
from the model.
2026-01-30 18:52:16.0332655 [W:onnxruntime:, graph.cc:3490 
onnxruntime::Graph::CleanUnusedInitializersAndNodeArgs] Removing initializer 
'/model/decoder/layers.1/self_attn_layer_norm/Constant_1_output_0'. It is not used by any node and should be 
removed from the model.
2026-01-30 18:52:16.0336199 [W:onnxruntime:, graph.cc:3490 
onnxruntime::Graph::CleanUnusedInitializersAndNodeArgs] Removing initializer 
'/model/decoder/layers.0/encoder_attn_layer_norm/Constant_1_output_0'. It is not used by any node and should be 
removed from the model.
2026-01-30 18:52:16.0339829 [W:onnxruntime:, graph.cc:3490 
onnxruntime::Graph::CleanUnusedInitializersAndNodeArgs] Removing initializer 
'/model/decoder/layers.3/final_layer_norm/Constant_1_output_0'. It is not used by any node and should be removed 
from the model.
2026-01-30 18:52:16.0343560 [W:onnxruntime:, graph.cc:3490 
onnxruntime::Graph::CleanUnusedInitializersAndNodeArgs] Removing initializer 
'/model/decoder/layers.0/encoder_attn_layer_norm/Constant_output_0'. It is not used by any node and should be 
removed from the model.
2026-01-30 18:52:16.0347352 [W:onnxruntime:, graph.cc:3490 
onnxruntime::Graph::CleanUnusedInitializersAndNodeArgs] Removing initializer 
'/model/decoder/layers.1/self_attn_layer_norm/Constant_output_0'. It is not used by any node and should be 
removed from the model.
2026-01-30 18:52:16.0351095 [W:onnxruntime:, graph.cc:3490 
onnxruntime::Graph::CleanUnusedInitializersAndNodeArgs] Removing initializer 
'/model/decoder/layers.2/self_attn_layer_norm/Constant_1_output_0'. It is not used by any node and should be 
removed from the model.
2026-01-30 18:52:16.0354968 [W:onnxruntime:, graph.cc:3490 
onnxruntime::Graph::CleanUnusedInitializersAndNodeArgs] Removing initializer 
'/model/decoder/layers.1/encoder_attn_layer_norm/Constant_output_0'. It is not used by any node and should be 
removed from the model.
2026-01-30 18:52:16.0359510 [W:onnxruntime:, graph.cc:3490 
onnxruntime::Graph::CleanUnusedInitializersAndNodeArgs] Removing initializer 
'/model/decoder/layers.1/encoder_attn_layer_norm/Constant_1_output_0'. It is not used by any node and should be 
removed from the model.
2026-01-30 18:52:16.0363271 [W:onnxruntime:, graph.cc:3490 
onnxruntime::Graph::CleanUnusedInitializersAndNodeArgs] Removing initializer 
'/model/decoder/layers.1/final_layer_norm/Constant_output_0'. It is not used by any node and should be removed 
from the model.
2026-01-30 18:52:16.0366904 [W:onnxruntime:, graph.cc:3490 
onnxruntime::Graph::CleanUnusedInitializersAndNodeArgs] Removing initializer 
'/model/decoder/layers.1/final_layer_norm/Constant_1_output_0'. It is not used by any node and should be removed 
from the model.
2026-01-30 18:52:16.0370649 [W:onnxruntime:, graph.cc:3490 
onnxruntime::Graph::CleanUnusedInitializersAndNodeArgs] Removing initializer 
'/model/decoder/layers.2/self_attn_layer_norm/Constant_output_0'. It is not used by any node and should be 
removed from the model.
2026-01-30 18:52:16.0374581 [W:onnxruntime:, graph.cc:3490 
onnxruntime::Graph::CleanUnusedInitializersAndNodeArgs] Removing initializer 
'/model/decoder/layers.2/encoder_attn_layer_norm/Constant_output_0'. It is not used by any node and should be 
removed from the model.
2026-01-30 18:52:16.0378389 [W:onnxruntime:, graph.cc:3490 
onnxruntime::Graph::CleanUnusedInitializersAndNodeArgs] Removing initializer 
'/model/decoder/layers.2/encoder_attn_layer_norm/Constant_1_output_0'. It is not used by any node and should be 
removed from the model.
2026-01-30 18:52:16.0382222 [W:onnxruntime:, graph.cc:3490 
onnxruntime::Graph::CleanUnusedInitializersAndNodeArgs] Removing initializer 
'/model/decoder/layers.2/final_layer_norm/Constant_output_0'. It is not used by any node and should be removed 
from the model.
2026-01-30 18:52:16.0385960 [W:onnxruntime:, graph.cc:3490 
onnxruntime::Graph::CleanUnusedInitializersAndNodeArgs] Removing initializer 
'/model/decoder/layers.2/final_layer_norm/Constant_1_output_0'. It is not used by any node and should be removed 
from the model.
2026-01-30 18:52:16.0389918 [W:onnxruntime:, graph.cc:3490 
onnxruntime::Graph::CleanUnusedInitializersAndNodeArgs] Removing initializer 
'/model/decoder/layers.3/self_attn_layer_norm/Constant_output_0'. It is not used by any node and should be 
removed from the model.
2026-01-30 18:52:16.0393681 [W:onnxruntime:, graph.cc:3490 
onnxruntime::Graph::CleanUnusedInitializersAndNodeArgs] Removing initializer 
'/model/decoder/layers.3/self_attn_layer_norm/Constant_1_output_0'. It is not used by any node and should be 
removed from the model.
2026-01-30 18:52:16.0397420 [W:onnxruntime:, graph.cc:3490 
onnxruntime::Graph::CleanUnusedInitializersAndNodeArgs] Removing initializer 
'/model/decoder/layers.3/encoder_attn_layer_norm/Constant_output_0'. It is not used by any node and should be 
removed from the model.
2026-01-30 18:52:16.0412431 [W:onnxruntime:, graph.cc:3490 
onnxruntime::Graph::CleanUnusedInitializersAndNodeArgs] Removing initializer 
'/model/decoder/layers.3/encoder_attn_layer_norm/Constant_1_output_0'. It is not used by any node and should be 
removed from the model.
2026-01-30 18:52:16.0418276 [W:onnxruntime:, graph.cc:3490 
onnxruntime::Graph::CleanUnusedInitializersAndNodeArgs] Removing initializer 
'/model/decoder/layers.3/final_layer_norm/Constant_output_0'. It is not used by any node and should be removed 
from the model.
Model loading progress: {
  status: 'ready',
  task: 'automatic-speech-recognition',
  model: 'Xenova/whisper-tiny.en'
}
Reading audio with ffmpeg... D:\www\clipper-electron\downloads\57b8ed83-5c73-4ee6-8524-52d29c1e2bd1.mp4
Audio read: 19583896 samples
Testing with first 30 seconds (480000 samples)...
Running transcriber...
Transcription output: {
  "text": " [ [Laughter] Get it. [Laughter] You got it! [Laughter]",
  "chunks": [
    {
      "timestamp": [
        0,
        26
      ],
      "text": " [ [Laughter] Get it. [Laughter]"
    },
    {
      "timestamp": [
        26,
        28
      ],
      "text": " You got it!"
    },
    {
      "timestamp": [
        28,
        30
      ],
      "text": " [Laughter]"
    }
  ]
}
ffmpeg error: Error: Output stream closed
    at Timeout._onTimeout (D:\www\clipper-electron\node_modules\fluent-ffmpeg\lib\processor.js:489:25)
    at listOnTimeout (node:internal/timers:605:17)
    at process.processTimers (node:internal/timers:541:7)
